<?xml version="1.0" encoding="utf-8"?><testsuites><testsuite name="pytest" errors="0" failures="0" skipped="0" tests="4" time="0.014" timestamp="2022-11-29T14:45:12.605337" hostname="MHOODA-M-XWGQ"><testcase classname="test_file.TestCalc" name="test_add" time="0.000" /><testcase classname="test_file.TestCalc" name="test_divide" time="0.000" /><testcase classname="test_file.TestCalc" name="test_multiply" time="0.000" /><testcase classname="test_file.TestCalc" name="test_sub" time="0.000" /></testsuite></testsuites>